[Licensing::Module] Trying to connect to existing licensing client channel...
Built from '6000.3/staging' branch; Version is '6000.3.9f1 (7a9955a4f2fa) revision 8034645'; Using compiler version '194234433'; Build Type 'Release'
OS: 'Windows 11  (10.0.26200) Professional' Language: 'en' Physical Memory: 16091 MB
BatchMode: 1, IsHumanControllingUs: 0, StartBugReporterOnCrash: 0, Is64bit: 1
[Licensing::IpcConnector] Successfully connected to: "LicenseClient-emilp" at "2026-06-03T14:06:07.0996176Z"
System  architecture: x64
Process architecture: x64
Date: 2026-06-03T14:06:07Z

COMMAND LINE ARGUMENTS:
C:\Program Files\Unity\Hub\Editor\6000.3.9f1\Editor\Unity.exe
-runTests
-batchmode
-projectPath
D:\unityProjects\DungeonGame
-testResults
D:\unityProjects\DungeonGame\EditModeResults.xml
-testPlatform
EditMode
-logFile
D:\unityProjects\DungeonGame\EditMode.log
Successfully changed project path to: D:\unityProjects\DungeonGame
D:/unityProjects/DungeonGame
Exiting without the bug reporter. Application will terminate with return code 1